// Jest Snapshot v1, https://goo.gl/fbAQLP

exports[`renders correctly 1`] = `
<div>
  <h1>
    Weather from Wherever
  </h1>
  <p>
    Any place, anywhere.
  </p>
</div>
`;
